Last login: Sat Jul  5 17:24:13 on ttys000
pciacciog@Porfirios-MacBook-Air ~ % git pull origin main
fatal: not a git repository (or any of the parent directories): .git
pciacciog@Porfirios-MacBook-Air ~ % cd ~/Will
pciacciog@Porfirios-MacBook-Air Will % git pull origin main
From https://github.com/pciacciog/Will
 * branch            main       -> FETCH_HEAD
Already up to date.
pciacciog@Porfirios-MacBook-Air Will % npm install

up to date, audited 568 packages in 3s

72 packages are looking for funding
  run `npm fund` for details

9 vulnerabilities (1 low, 8 moderate)

To address issues that do not require attention, run:
  npm audit fix

To address all issues (including breaking changes), run:
  npm audit fix --force

Run `npm audit` for details.
npm notice
npm notice New major version of npm available! 10.9.2 -> 11.4.2
npm notice Changelog: https://github.com/npm/cli/releases/tag/v11.4.2
npm notice To update run: npm install -g npm@11.4.2
npm notice
pciacciog@Porfirios-MacBook-Air Will % npx cap sync ios
✔ Copying web assets from public to ios/App/App/public in 24.52ms
✔ Creating capacitor.config.json in ios/App/App in 769.54μs
✔ copy ios in 72.35ms
✔ Updating iOS plugins in 18.21ms
✔ Updating iOS native dependencies with pod install in 4.43s
✔ update ios in 4.54s
[info] Sync finished in 7.699s
pciacciog@Porfirios-MacBook-Air Will % npx cap sync ios
✔ Copying web assets from public to ios/App/App/public in 24.39ms
✔ Creating capacitor.config.json in ios/App/App in 752.04μs
✔ copy ios in 78.03ms
✔ Updating iOS plugins in 50.86ms
✔ Updating iOS native dependencies with pod install in 4.07s
✔ update ios in 4.23s
[info] Sync finished in 4.728s
pciacciog@Porfirios-MacBook-Air Will % ios/App/App.xcodeproj
zsh: permission denied: ios/App/App.xcodeproj
pciacciog@Porfirios-MacBook-Air Will % cd ios/App && pod install
Analyzing dependencies
Downloading dependencies
Generating Pods project
Integrating client project
Pod installation complete! There are 2 dependencies from the Podfile and 2 total pods installed.
pciacciog@Porfirios-MacBook-Air App % 